// Jest Snapshot v1, https://goo.gl/fbAQLP

exports[`A suite renders correctly 1`] = `
<div>
  Backend/Frontend boilerplate without PHP
</div>
`;
